// Jest Snapshot v1, https://goo.gl/fbAQLP

exports[`detailsThumbnailAndCaption renders correctly 1`] = `
<View
  collapsable={true}
  pointerEvents="box-none"
  style={
    Object {
      "flex": 1,
    }
  }
>
  <View
    style={
      Object {
        "flexDirection": "row",
        "marginHorizontal": 23.314285714285713,
      }
    }
  >
    <View
      style={
        Object {
          "height": 104.91428571428571,
          "width": 90.34285714285714,
        }
      }
    >
      <View
        style={
          Array [
            Object {
              "overflow": "hidden",
            },
            Array [
              Object {
                "aspectRatio": 0.6666666666666666,
                "borderRadius": 11.657142857142857,
                "flex": 1,
                "width": "100%",
              },
            ],
          ]
        }
      >
        <FastImageView
          resizeMode="contain"
          source={
            Object {
              "cache": "web",
              "uri": "assets/images/got.png",
            }
          }
          style={
            Object {
              "bottom": 0,
              "left": 0,
              "position": "absolute",
              "right": 0,
              "top": 0,
            }
          }
        />
      </View>
    </View>
    <View
      style={
        Object {
          "flex": 1,
        }
      }
    >
      <View>
        <Text
          ellipsizeMode="tail"
          numberOfLines={2}
          style={
            Array [
              Object {
                "fontFamily": "ProximaNova-Black",
                "fontSize": 40,
                "fontWeight": "900",
              },
              Object {
                "color": "#ECECEC",
                "fontFamily": "ProximaNova-Black",
                "fontSize": 28,
                "fontWeight": "900",
                "textTransform": "uppercase",
              },
              undefined,
            ]
          }
        >
          Game of Thrones
        </Text>
        <Text
          style={
            Array [
              Object {
                "fontFamily": "ProximaNova-Regular",
                "fontSize": 14,
                "fontWeight": "600",
              },
              Object {
                "color": "#FFFFFF",
                "fontFamily": "ProximaNova-Semibold",
                "opacity": 0.3,
              },
              Object {
                "marginTop": 23.314285714285713,
              },
            ]
          }
        >
          2011 . 50 Minutes . Drama
        </Text>
        <Text
          style={
            Array [
              Object {
                "fontFamily": "ProximaNova-Regular",
                "fontSize": 14,
                "fontWeight": "600",
              },
              Object {
                "color": "#FFFFFF",
                "fontFamily": "ProximaNova-Semibold",
                "opacity": 0.3,
              },
              undefined,
            ]
          }
        >
          violence
        </Text>
      </View>
    </View>
  </View>
</View>
`;
